
- NASM Map file ---------------------------------------------------------------

Source file:  kernel.asm
Output file:  kernel.bat

-- Symbols --------------------------------------------------------------------

---- No Section ---------------------------------------------------------------

Value     Name
00004000  DA_32
00000098  DA_C
0000009A  DA_CR
00000092  DA_DRW
00000093  DA_DRWA
0000008E  DA_386IGate
00008000  DA_LIMIT_4K
00000089  DA_386TSS
000A0000  VRAM_ADDRESS
00001000  SystemFontLength
00000148  GdtLen
00000008  SelectorCode32
00000010  SelectorVideo
00000020  SelectorStack
00000018  SelectorVram
00000028  SelectorFont
00000170  IdtLen
00008D3E  SpuriousHandler
00008D3F  KeyBoardHandler
00008D5D  mouseHandler
00008D7B  timerHandler
00008D95  stackOverFlowHandler
00008DAE  exceptionHandler
00008E5E  AsmConsPutCharHandler
00008EC8  SegCode32Len


---- Section .text ------------------------------------------------------------

Real              Virtual           Name
            8003              8003  LABEL_SYSTEM_FONT
            8003              8003  systemFont

---- Section .gdt -------------------------------------------------------------

Real              Virtual           Name
            9004              9004  LABEL_GDT
            900C              900C  LABEL_DESC_CODE32
            9014              9014  LABEL_DESC_VIDEO
            901C              901C  LABEL_DESC_VRAM
            9024              9024  LABEL_DESC_STACK
            902C              902C  LABEL_DESC_FONT
            9034              9034  LABEL_DESC_6
            903C              903C  LABEL_DESC_7
            9044              9044  LABEL_DESC_8
            904C              904C  LABEL_DESC_9
            9054              9054  LABEL_DESC_10
            914C              914C  GdtPtr
            9152              9152  LABEL_IDT
            91B2              91B2  LABEL_IDT.0Ch
            91BA              91BA  LABEL_IDT.0Dh
            9252              9252  LABEL_IDT.020h
            925A              925A  LABEL_IDT.021h
            92B2              92B2  LABEL_IDT.2CH
            92BA              92BA  LABEL_IDT.2DH
            92C2              92C2  IdtPtr

---- Section .s16 -------------------------------------------------------------

Real              Virtual           Name
            92C8              92C8  LABEL_BEGIN
            92D3              92D3  keystatus
            92D3              92D3  ComputeMemory
            92DC              92DC  ComputeMemory.loop
            9302              9302  LABEL_MEM_CHK_FAIL
            930B              930B  LABEL_MEM_CHK_OK
            939A              939A  init8259A
            93DD              93DD  io_delay

---- Section .s32 -------------------------------------------------------------

Real              Virtual           Name
            93E4              93E4  LABEL_SEG_CODE32
            93FC              93FC  CMain
            9861              9861  ?_001
            9899              9899  ?_002
            992D              992D  ?_003
            9951              9951  ?_004
            998A              998A  ?_005
            99C2              99C2  ?_006
            99CC              99CC  ?_007
            9A28              9A28  ?_008
            9A58              9A58  ?_009
            9ABB              9ABB  ?_010
            9B45              9B45  ?_011
            9C28              9C28  ?_012
            9C7A              9C7A  ?_013
            9CAB              9CAB  ?_014
            9CFD              9CFD  ?_015
            9D1F              9D1F  ?_016
            9D67              9D67  ?_017
            9D9A              9D9A  ?_018
            9D9F              9D9F  set_cursor
            9DAF              9DAF  ?_019
            9E26              9E26  ?_020
            9E2D              9E2D  isSpecialKey
            9E71              9E71  ?_021
            9E78              9E78  ?_022
            9E7D              9E7D  ?_023
            9E7F              9E7F  transferScanCode
            9E98              9E98  ?_024
            9EAB              9EAB  ?_025
            9EC1              9EC1  ?_026
            9ED7              9ED7  ?_027
            9EF2              9EF2  ?_028
            9EFC              9EFC  ?_029
            9F26              9F26  ?_030
            9F30              9F30  ?_031
            9F81              9F81  ?_032
            9F83              9F83  ?_033
            9FB1              9FB1  ?_034
            9FB5              9FB5  ?_035
            9FB9              9FB9  ?_036
            9FBB              9FBB  launch_console
            A04B              A04B  ?_037
            A06F              A06F  ?_038
            A17C              A17C  ?_039
            A283              A283  ?_040
            A2A1              A2A1  ?_041
            A2DE              A2DE  ?_042
            A2EB              A2EB  kill_process
            A33C              A33C  cmd_dir
            A378              A378  ?_043
            A381              A381  ?_044
            A3AB              A3AB  ?_045
            A3AD              A3AD  ?_046
            A3B3              A3B3  ?_047
            A3D2              A3D2  ?_048
            A3F0              A3F0  ?_049
            A4B4              A4B4  ?_050
            A4E4              A4E4  cmd_type
            A506              A506  ?_051
            A53E              A53E  ?_052
            A56C              A56C  ?_053
            A56E              A56E  ?_054
            A574              A574  ?_055
            A58B              A58B  ?_056
            A598              A598  ?_057
            A5C2              A5C2  ?_058
            A5C4              A5C4  ?_059
            A5CA              A5CA  ?_060
            A5E9              A5E9  ?_061
            A607              A607  ?_062
            A668              A668  ?_063
            A686              A686  ?_064
            A728              A728  ?_065
            A72D              A72D  ?_066
            A76E              A76E  ?_067
            A816              A816  ?_068
            A81A              A81A  ?_069
            A829              A829  ?_070
            A82D              A82D  ?_071
            A83B              A83B  ?_072
            A88B              A88B  ?_073
            A892              A892  cmd_mem
            A8B3              A8B3  ?_074
            A9B2              A9B2  ?_075
            A9B8              A9B8  cmd_cls
            A9D8              A9D8  ?_076
            A9EF              A9EF  ?_077
            A9F8              A9F8  ?_078
            AA23              AA23  ?_079
            AA30              AA30  ?_080
            AABA              AABA  ?_081
            AABC              AABC  cmd_execute_program
            AC14              AC14  ?_082
            AC9A              AC9A  ?_083
            AC9E              AC9E  ?_084
            AD1C              AD1C  cmd_start
            AD9B              AD9B  ?_085
            ADBF              ADBF  ?_086
            ADEF              ADEF  cmd_ncst
            AE31              AE31  ?_087
            AE55              AE55  ?_088
            AE85              AE85  console_task
            AF95              AF95  ?_089
            AFBE              AFBE  ?_090
            B007              B007  ?_091
            B02B              B02B  ?_092
            B043              B043  ?_093
            B085              B085  ?_094
            B0F5              B0F5  ?_095
            B1B9              B1B9  ?_096
            B1DB              B1DB  ?_097
            B204              B204  ?_098
            B226              B226  ?_099
            B24E              B24E  ?_100
            B28C              B28C  ?_101
            B2B1              B2B1  ?_102
            B2D6              B2D6  ?_103
            B2FA              B2FA  ?_104
            B30C              B30C  ?_105
            B3AE              B3AE  ?_106
            B469              B469  ?_107
            B4B7              B4B7  ?_108
            B4C1              B4C1  cons_putstr
            B4C9              B4C9  ?_109
            B4E6              B4E6  ?_110
            B4F3              B4F3  api_linewin
            B52E              B52E  ?_111
            B537              B537  ?_112
            B559              B559  ?_113
            B560              B560  ?_114
            B581              B581  ?_115
            B59A              B59A  ?_116
            B5B4              B5B4  ?_117
            B5BB              B5BB  ?_118
            B5DC              B5DC  ?_119
            B5F3              B5F3  ?_120
            B5FC              B5FC  ?_121
            B631              B631  ?_122
            B63B              B63B  handle_keyboard
            B641              B641  ?_123
            B668              B668  ?_124
            B683              B683  ?_125
            B6D9              B6D9  ?_126
            B71D              B71D  ?_127
            B732              B732  ?_128
            B744              B744  ?_129
            B749              B749  ?_130
            B74B              B74B  close_constask
            B7DB              B7DB  close_console
            B83F              B83F  ?_131
            B84C              B84C  cmd_exit
            B872              B872  kernel_api
            B8C1              B8C1  ?_132
            B8E4              B8E4  ?_133
            B8FF              B8FF  ?_134
            BA2D              BA2D  ?_135
            BAC3              BAC3  ?_136
            BB47              BB47  ?_137
            BB75              BB75  ?_138
            BBB6              BBB6  ?_139
            BBF5              BBF5  ?_140
            BC2D              BC2D  ?_141
            BC51              BC51  ?_142
            BC69              BC69  ?_143
            BC93              BC93  ?_144
            BCB2              BCB2  ?_145
            BCC8              BCC8  ?_146
            BCDB              BCDB  ?_147
            BCFA              BCFA  ?_148
            BCFE              BCFE  ?_149
            BD04              BD04  ?_150
            BD92              BD92  ?_151
            BD97              BD97  ?_152
            BDD5              BDD5  ?_153
            BDF6              BDF6  ?_154
            BE0F              BE0F  ?_155
            BE26              BE26  ?_156
            BE3A              BE3A  ?_157
            BE5F              BE5F  ?_158
            BE84              BE84  ?_159
            BE9D              BE9D  ?_160
            BEC1              BEC1  ?_161
            BED6              BED6  ?_162
            BEE8              BEE8  ?_163
            BF23              BF23  ?_164
            BF2B              BF2B  ?_165
            BF36              BF36  ?_166
            BF3B              BF3B  ?_167
            BF42              BF42  cons_putchar
            C016              C016  cons_newline
            C029              C029  ?_168
            C03B              C03B  ?_169
            C044              C044  ?_170
            C04D              C04D  ?_171
            C089              C089  ?_172
            C096              C096  ?_173
            C0A8              C0A8  ?_174
            C0B1              C0B1  ?_175
            C0D0              C0D0  ?_176
            C0DD              C0DD  ?_177
            C11A              C11A  ?_178
            C150              C150  ?_179
            C156              C156  init_screen8
            C4DD              C4DD  computeMousePosition
            C517              C517  ?_180
            C52A              C52A  ?_181
            C548              C548  ?_182
            C566              C566  ?_183
            C568              C568  showString
            C581              C581  ?_184
            C586              C586  ?_185
            C595              C595  ?_186
            C5E0              C5E0  ?_187
            C61B              C61B  ?_188
            C621              C621  show_mouse_info
            C6D7              C6D7  ?_189
            C7E2              C7E2  ?_190
            C82E              C82E  ?_191
            C89D              C89D  ?_192
            C8F8              C8F8  ?_193
            C961              C961  ?_194
            C963              C963  ?_195
            C967              C967  ?_196
            C973              C973  ?_197
            C975              C975  ?_198
            C9E6              C9E6  ?_199
            C9F0              C9F0  ?_200
            C9F2              C9F2  initBootInfo
            CA12              CA12  init_palette
            CA43              CA43  ?_201
            CA4F              CA4F  ?_202
            CA5B              CA5B  ?_203
            CB16              CB16  ?_204
            CB24              CB24  ?_205
            CB32              CB32  ?_206
            CB5D              CB5D  set_palette
            CB8B              CB8B  ?_207
            CBED              CBED  ?_208
            CC03              CC03  boxfill8
            CC17              CC17  ?_209
            CC1F              CC1F  ?_210
            CC3E              CC3E  ?_211
            CC4A              CC4A  ?_212
            CC54              CC54  showFont8
            CC6C              CC6C  ?_213
            CCA0              CCA0  ?_214
            CCCC              CCCC  ?_215
            CCF8              CCF8  ?_216
            CD24              CD24  ?_217
            CD50              CD50  ?_218
            CD7C              CD7C  ?_219
            CDA8              CDA8  ?_220
            CDD4              CDD4  ?_221
            CDD8              CDD8  ?_222
            CDE4              CDE4  init_mouse_cursor
            CDFC              CDFC  ?_223
            CE08              CE08  ?_224
            CE38              CE38  ?_225
            CE68              CE68  ?_226
            CE9B              CE9B  ?_227
            CE9F              CE9F  ?_228
            CEAD              CEAD  ?_229
            CEB9              CEB9  putblock
            CEC8              CEC8  ?_230
            CED1              CED1  ?_231
            CF0C              CF0C  ?_232
            CF18              CF18  ?_233
            CF22              CF22  intHandlerFromC
            CF84              CF84  charToHexVal
            CF9F              CF9F  ?_234
            CFA6              CFA6  ?_235
            CFA8              CFA8  charToHexStr
            CFFB              CFFB  intToHexStr
            D01F              D01F  ?_236
            D02E              D02E  ?_237
            D03D              D03D  ?_238
            D068              D068  ?_239
            D079              D079  ?_240
            D07D              D07D  ?_241
            D089              D089  ?_242
            D090              D090  wait_KBC_sendready
            D096              D096  ?_243
            D0AB              D0AB  ?_244
            D0AD              D0AD  ?_245
            D0AF              D0AF  init_keyboard
            D0EA              D0EA  enable_mouse
            D12C              D12C  intHandlerForMouse
            D17F              D17F  mouse_decode
            D1A3              D1A3  ?_246
            D1AD              D1AD  ?_247
            D1D6              D1D6  ?_248
            D1E0              D1E0  ?_249
            D206              D206  ?_250
            D27D              D27D  ?_251
            D2A0              D2A0  ?_252
            D2B7              D2B7  ?_253
            D2BC              D2BC  ?_254
            D2BE              D2BE  showMemoryInfo
            D4D8              D4D8  message_box
            D5C3              D5C3  make_window8
            D888              D888  make_wtitle8
            D8A5              D8A5  ?_255
            D8AD              D8AD  ?_256
            D931              D931  ?_257
            D93A              D93A  ?_258
            D95E              D95E  ?_259
            D96A              D96A  ?_260
            D976              D976  ?_261
            D97A              D97A  ?_262
            D9AA              D9AA  ?_263
            D9B4              D9B4  ?_264
            D9C4              D9C4  make_textbox8
            DC5D              DC5D  file_loadfile
            DC87              DC87  ?_265
            DC90              DC90  ?_266
            DC9F              DC9F  ?_267
            DCAE              DCAE  ?_268
            DCD8              DCD8  ?_269
            DCDA              DCDA  ?_270
            DCE0              DCE0  ?_271
            DCFF              DCFF  ?_272
            DD1D              DD1D  ?_273
            DD9A              DD9A  ?_274
            DDB5              DDB5  ?_275
            DDBF              DDBF  ?_276
            DDC3              DDC3  ?_277
            DDD1              DDD1  ?_278
            DDEF              DDEF  intHandlerForStackOverFlow
            DEBA              DEBA  intHandlerForException
            DF39              DF39  memman_init
            DF65              DF65  memman_total
            DF7B              DF7B  ?_279
            DF8F              DF8F  ?_280
            DF9E              DF9E  memman_alloc
            DFB1              DFB1  ?_281
            E033              E033  ?_282
            E05B              E05B  ?_283
            E065              E065  ?_284
            E06A              E06A  ?_285
            E06E              E06E  ?_286
            E081              E081  ?_287
            E087              E087  memman_free
            E097              E097  ?_288
            E0AA              E0AA  ?_289
            E0AE              E0AE  ?_290
            E0B8              E0B8  ?_291
            E178              E178  ?_292
            E1A0              E1A0  ?_293
            E1AA              E1AA  ?_294
            E1B4              E1B4  ?_295
            E210              E210  ?_296
            E22A              E22A  ?_297
            E252              E252  ?_298
            E281              E281  ?_299
            E2A7              E2A7  ?_300
            E2D0              E2D0  ?_301
            E2D6              E2D6  memman_alloc_4k
            E306              E306  memman_free_4k
            E33D              E33D  shtctl_init
            E369              E369  ?_302
            E3B2              E3B2  ?_303
            E3DF              E3DF  ?_304
            E41D              E41D  ?_305
            E429              E429  ?_306
            E42B              E42B  sheet_alloc
            E43A              E43A  ?_307
            E499              E499  ?_308
            E49D              E49D  ?_309
            E4AB              E4AB  ?_310
            E4AD              E4AD  sheet_setbuf
            E4D6              E4D6  sheet_updown
            E502              E502  ?_311
            E50F              E50F  ?_312
            E536              E536  ?_313
            E56A              E56A  ?_314
            E62C              E62C  ?_315
            E63F              E63F  ?_316
            E673              E673  ?_317
            E67E              E67E  ?_318
            E736              E736  ?_319
            E750              E750  ?_320
            E784              E784  ?_321
            E79E              E79E  ?_322
            E7A9              E7A9  ?_323
            E7E3              E7E3  ?_324
            E80A              E80A  ?_325
            E8A9              E8A9  ?_326
            E8B1              E8B1  sheet_refresh
            E925              E925  ?_327
            E932              E932  sheet_slide
            EA83              EA83  ?_328
            EA8A              EA8A  sheet_refreshsub
            EAAE              EAAE  ?_329
            EABB              EABB  ?_330
            EACF              EACF  ?_331
            EAE3              EAE3  ?_332
            EAEE              EAEE  ?_333
            EB6E              EB6E  ?_334
            EB7B              EB7B  ?_335
            EB8F              EB8F  ?_336
            EBA3              EBA3  ?_337
            EBAF              EBAF  ?_338
            EBC6              EBC6  ?_339
            EC29              EC29  ?_340
            EC2D              EC2D  ?_341
            EC39              EC39  ?_342
            EC49              EC49  ?_343
            EC57              EC57  sheet_refreshmap
            EC73              EC73  ?_344
            EC80              EC80  ?_345
            EC94              EC94  ?_346
            ECA8              ECA8  ?_347
            ECB3              ECB3  ?_348
            ED33              ED33  ?_349
            ED40              ED40  ?_350
            ED54              ED54  ?_351
            ED68              ED68  ?_352
            ED70              ED70  ?_353
            ED86              ED86  ?_354
            EDDA              EDDA  ?_355
            EDDE              EDDE  ?_356
            EDEA              EDEA  ?_357
            EDFA              EDFA  ?_358
            EE0C              EE0C  sheet_free
            EE36              EE36  ?_359
            EE43              EE43  init_pit
            EE98              EE98  ?_360
            EEC0              EEC0  ?_361
            EECB              EECB  timer_alloc
            EEDA              EEDA  ?_362
            EF0E              EF0E  ?_363
            EF12              EF12  ?_364
            EF20              EF20  ?_365
            EF22              EF22  timer_free
            EF32              EF32  timer_init
            EF54              EF54  timer_settime
            EF6C              EF6C  intHandlerForTimer
            EFA3              EFA3  ?_366
            F044              F044  ?_367
            F04F              F04F  ?_368
            F053              F053  ?_369
            F063              F063  getTimerController
            F06D              F06D  fifo8_init
            F0B4              F0B4  fifo8_put
            F0D0              F0D0  ?_370
            F0F5              F0F5  ?_371
            F131              F131  ?_372
            F17D              F17D  ?_373
            F182              F182  ?_374
            F184              F184  fifo8_get
            F1A1              F1A1  ?_375
            F1E0              F1E0  ?_376
            F1F2              F1F2  ?_377
            F1F4              F1F4  fifo8_status
            F209              F209  strcmp
            F21B              F21B  ?_378
            F225              F225  ?_379
            F22E              F22E  ?_380
            F24F              F24F  ?_381
            F253              F253  ?_382
            F271              F271  ?_383
            F296              F296  ?_384
            F2BB              F2BB  ?_385
            F2C0              F2C0  ?_386
            F2C2              F2C2  set_segmdesc
            F2DE              F2DE  ?_387
            F33D              F33D  get_taskctl
            F347              F347  init_task_level
            F390              F390  ?_388
            F3AB              F3AB  ?_389
            F3B3              F3B3  task_init
            F3E5              F3E5  ?_390
            F4DD              F4DD  ?_391
            F4F0              F4F0  ?_392
            F4FF              F4FF  ?_393
            F570              F570  task_alloc
            F582              F582  ?_394
            F676              F676  ?_395
            F67A              F67A  ?_396
            F689              F689  ?_397
            F68B              F68B  task_run
            F6A0              F6A0  ?_398
            F6AF              F6AF  ?_399
            F6D0              F6D0  ?_400
            F6EF              F6EF  ?_401
            F6FE              F6FE  task_switch
            F75A              F75A  ?_402
            F789              F789  ?_403
            F7D5              F7D5  ?_404
            F7D8              F7D8  task_sleep
            F848              F848  ?_405
            F84D              F84D  task_now
            F880              F880  task_add
            F8CC              F8CC  task_remove
            F8F8              F8F8  ?_406
            F917              F917  ?_407
            F91B              F91B  ?_408
            F925              F925  ?_409
            F94C              F94C  ?_410
            F965              F965  ?_411
            F971              F971  ?_412
            F98C              F98C  ?_413
            F999              F999  task_switchsub
            F9A8              F9A8  ?_414
            F9C7              F9C7  ?_415
            F9CB              F9CB  ?_416
            F9D1              F9D1  ?_417
            F9E9              F9E9  send_message
            FA14              FA14  ?_418
            FA1C              FA1C  ?_419
            FA23              FA23  ?_420
            FA2B              FA2B  ?_421
            FA2D              FA2D  ?_422
            FA33              FA33  ?_423
            FA37              FA37  ?_424
            FA39              FA39  ?_425
            FA3D              FA3D  ?_426
            FA41              FA41  ?_427
            FA45              FA45  ?_428
            FA4D              FA4D  ?_429
            FA51              FA51  ?_430
            FA56              FA56  ?_431
            FA5C              FA5C  ?_432
            FA61              FA61  ?_433
            FA67              FA67  ?_434
            FA71              FA71  ?_435
            FA7A              FA7A  ?_436
            FA84              FA84  ?_437
            FA8E              FA8E  ?_438
            FA9A              FA9A  ?_439
            FAA6              FAA6  ?_440
            FAB2              FAB2  ?_441
            FAB9              FAB9  ?_442
            FAC9              FAC9  ?_443
            FAD0              FAD0  ?_444
            FAD8              FAD8  ?_445
            FAF4              FAF4  memman
            FB14              FB14  keytable
            FB74              FB74  keytable1
            FC04              FC04  keyval
            FC06              FC06  ?_446
            FC07              FC07  ?_447
            FC0C              FC0C  mmx
            FC10              FC10  mmy
            FC14              FC14  KEY_CONTROL
            FC18              FC18  show_console_window
            FC1C              FC1C  console_pos
            FC34              FC34  table_rgb.2456
            FC74              FC74  cursor.2516
            FD74              FD74  closebtn.2635
            FE54              FE54  key_shift
            FE58              FE58  caps_lock
            FE5C              FE5C  first_task_cons_selector
            FE60              FE60  current_console
            FE64              FE64  console_count
            FE68              FE68  bootInfo
            FE6C              FE6C  ?_448
            FE6E              FE6E  ?_449
            FE70              FE70  keyinfo
            FE88              FE88  ?_450
            FE8C              FE8C  mouseinfo
            FEB4              FEB4  keybuf
            FED4              FED4  mousebuf
            FF54              FF54  mdec
            FF60              FF60  ?_451
            FF64              FF64  timerinfo
            FF80              FF80  timerbuf
            FF88              FF88  mx
            FF8C              FF8C  my
            FF90              FF90  xsize
            FF94              FF94  ysize
            FF98              FF98  buf_back
            FFB4              FFB4  buf_mouse
           100B4             100B4  shtMsgBox
           100B8             100B8  shtctl
           100BC             100BC  sht_back
           100C0             100C0  sht_mouse
           100C4             100C4  mouse_clicked_sht
           100C8             100C8  task_main
           100CC             100CC  current_console_task
           100D0             100D0  task_a.2151
           100D4             100D4  tss_a.2150
           10154             10154  tss_b.2149
           101BC             101BC  task_b.2139
           101C8             101C8  str.2564
           101C9             101C9  ?_452
           101D2             101D2  ?_453
           101D4             101D4  timerctl
           12118             12118  task_timer
           1211C             1211C  taskctl
           12122             12122  _SpuriousHandler
           12123             12123  _KeyBoardHandler
           12141             12141  _mouseHandler
           1215F             1215F  _timerHandler
           12179             12179  _stackOverFlowHandler
           12192             12192  _exceptionHandler
           121AB             121AB  get_font_data
           121C4             121C4  io_hlt
           121C6             121C6  io_cli
           121C8             121C8  io_sti
           121CA             121CA  io_stihlt
           121CD             121CD  io_in8
           121D8             121D8  io_in16
           121E4             121E4  io_in32
           121EA             121EA  io_out8
           121F4             121F4  io_out16
           121FF             121FF  io_out32
           12209             12209  io_load_eflags
           1220C             1220C  io_store_eflags
           12213             12213  get_memory_block_count
           12219             12219  get_leds
           1221F             1221F  get_adr_buffer
           12225             12225  get_addr_gdt
           1222B             1222B  get_code32_addr
           12231             12231  load_tr
           12237             12237  farjmp
           12242             12242  asm_cons_putchar
           12260             12260  end_app
           12264             12264  get_esp
           12267             12267  get_ss
           1226C             1226C  start_app
           12295             12295  asm_end_app
           122A4             122A4  load_ldt

---- Section .data ------------------------------------------------------------

Real              Virtual           Name
           122C0             122C0  MemChkBuf
           123C0             123C0  dwMCRNumber
           123C4             123C4  LEDS

